// Jest Snapshot v1, https://goo.gl/fbAQLP

exports[`validate correctly handles invalid input 1`] = `[StatusCodeError: 400 - "Something went wrong."]`;

exports[`validate correctly reports invalid configuration 1`] = `[StatusCodeError: 400 - "- collective: \\"collective\\" is required\\n- opencollective: \\"opencollective\\" is not allowed"]`;

exports[`validate correctly validates valid configuration 1`] = `"Valid configuration!"`;

exports[`validate shows correct usage description 1`] = `
"<pre>Usage:

curl -X POST --data-binary @opencollective.yml https://opencollective-bot.now.sh/validate
<pre>"
`;
